MPLINK 4.49, Linker
Linker Map File - Created Thu Nov 17 13:10:46 2016

                                 Section Info
                  Section       Type    Address   Location Size(Bytes)
                ---------  ---------  ---------  ---------  ---------
                   .org_0       code   0x000000    program   0x000000
                   .org_1       code   0x000000    program   0x000004
                   .org_2       code   0x000004    program   0x000220
   .config_2007_BUENO-2.O       code   0x002007    program   0x000002



                              Program Memory Usage 
                               Start         End      
                           ---------   ---------      
                            0x000000    0x000001      
                            0x000004    0x000113      
                            0x002007    0x002007      
            275 out of 8454 program addresses used, program memory utilization is 3%



                              Symbols - Sorted by Name
                     Name    Address   Location    Storage File                     
                ---------  ---------  ---------  --------- ---------                
                   Loop0a   0x00006c    program     static G:\Nueva carpeta\bueno-2.asm
                   Loop0b   0x00006e    program     static G:\Nueva carpeta\bueno-2.asm
              dos_digitos   0x0000dc    program     static G:\Nueva carpeta\bueno-2.asm
                  enc_num   0x000080    program     static G:\Nueva carpeta\bueno-2.asm
                     err1   0x0000df    program     static G:\Nueva carpeta\bueno-2.asm
                     err2   0x0000ea    program     static G:\Nueva carpeta\bueno-2.asm
                 find_num   0x00008f    program     static G:\Nueva carpeta\bueno-2.asm
                 fue_cero   0x0000f5    program     static G:\Nueva carpeta\bueno-2.asm
                fue_cinco   0x000104    program     static G:\Nueva carpeta\bueno-2.asm
               fue_cuatro   0x000101    program     static G:\Nueva carpeta\bueno-2.asm
                  fue_dos   0x0000fb    program     static G:\Nueva carpeta\bueno-2.asm
                fue_nueve   0x000110    program     static G:\Nueva carpeta\bueno-2.asm
                 fue_ocho   0x00010d    program     static G:\Nueva carpeta\bueno-2.asm
                 fue_seis   0x000107    program     static G:\Nueva carpeta\bueno-2.asm
                fue_siete   0x00010a    program     static G:\Nueva carpeta\bueno-2.asm
                 fue_tres   0x0000fe    program     static G:\Nueva carpeta\bueno-2.asm
                  fue_uno   0x0000f8    program     static G:\Nueva carpeta\bueno-2.asm
                      ini   0x00001b    program     static G:\Nueva carpeta\bueno-2.asm
                    loop1   0x000020    program     static G:\Nueva carpeta\bueno-2.asm
                    loop2   0x00002e    program     static G:\Nueva carpeta\bueno-2.asm
                    loop3   0x00003c    program     static G:\Nueva carpeta\bueno-2.asm
                   loopc1   0x00005f    program     static G:\Nueva carpeta\bueno-2.asm
                   loopc2   0x000061    program     static G:\Nueva carpeta\bueno-2.asm
                   loopc3   0x000063    program     static G:\Nueva carpeta\bueno-2.asm
                   loopu1   0x000075    program     static G:\Nueva carpeta\bueno-2.asm
                   loopu2   0x000077    program     static G:\Nueva carpeta\bueno-2.asm
                   loopu3   0x000079    program     static G:\Nueva carpeta\bueno-2.asm
                  men_err   0x0000e1    program     static G:\Nueva carpeta\bueno-2.asm
                 men_err2   0x0000ec    program     static G:\Nueva carpeta\bueno-2.asm
                  mostrar   0x000047    program     static G:\Nueva carpeta\bueno-2.asm
               mostrar_x0   0x000027    program     static G:\Nueva carpeta\bueno-2.asm
               mostrar_y0   0x000035    program     static G:\Nueva carpeta\bueno-2.asm
                  prob_x0   0x000085    program     static G:\Nueva carpeta\bueno-2.asm
                  prob_y0   0x00008a    program     static G:\Nueva carpeta\bueno-2.asm
                 prog_ini   0x000006    program     static G:\Nueva carpeta\bueno-2.asm
                prog_prin   0x00001a    program     static G:\Nueva carpeta\bueno-2.asm
                    resta   0x000055    program     static G:\Nueva carpeta\bueno-2.asm
                  retardo   0x00005d    program     static G:\Nueva carpeta\bueno-2.asm
                 retardo2   0x00006a    program     static G:\Nueva carpeta\bueno-2.asm
                 retardo3   0x000073    program     static G:\Nueva carpeta\bueno-2.asm
                     retr   0x000046    program     static G:\Nueva carpeta\bueno-2.asm
               salte_conv   0x000113    program     static G:\Nueva carpeta\bueno-2.asm
                  vec_int   0x000004    program     static G:\Nueva carpeta\bueno-2.asm
                vec_reset   0x000000    program     static G:\Nueva carpeta\bueno-2.asm



                              Symbols - Sorted by Address
                     Name    Address   Location    Storage File                     
                ---------  ---------  ---------  --------- ---------                
                vec_reset   0x000000    program     static G:\Nueva carpeta\bueno-2.asm
                  vec_int   0x000004    program     static G:\Nueva carpeta\bueno-2.asm
                 prog_ini   0x000006    program     static G:\Nueva carpeta\bueno-2.asm
                prog_prin   0x00001a    program     static G:\Nueva carpeta\bueno-2.asm
                      ini   0x00001b    program     static G:\Nueva carpeta\bueno-2.asm
                    loop1   0x000020    program     static G:\Nueva carpeta\bueno-2.asm
               mostrar_x0   0x000027    program     static G:\Nueva carpeta\bueno-2.asm
                    loop2   0x00002e    program     static G:\Nueva carpeta\bueno-2.asm
               mostrar_y0   0x000035    program     static G:\Nueva carpeta\bueno-2.asm
                    loop3   0x00003c    program     static G:\Nueva carpeta\bueno-2.asm
                     retr   0x000046    program     static G:\Nueva carpeta\bueno-2.asm
                  mostrar   0x000047    program     static G:\Nueva carpeta\bueno-2.asm
                    resta   0x000055    program     static G:\Nueva carpeta\bueno-2.asm
                  retardo   0x00005d    program     static G:\Nueva carpeta\bueno-2.asm
                   loopc1   0x00005f    program     static G:\Nueva carpeta\bueno-2.asm
                   loopc2   0x000061    program     static G:\Nueva carpeta\bueno-2.asm
                   loopc3   0x000063    program     static G:\Nueva carpeta\bueno-2.asm
                 retardo2   0x00006a    program     static G:\Nueva carpeta\bueno-2.asm
                   Loop0a   0x00006c    program     static G:\Nueva carpeta\bueno-2.asm
                   Loop0b   0x00006e    program     static G:\Nueva carpeta\bueno-2.asm
                 retardo3   0x000073    program     static G:\Nueva carpeta\bueno-2.asm
                   loopu1   0x000075    program     static G:\Nueva carpeta\bueno-2.asm
                   loopu2   0x000077    program     static G:\Nueva carpeta\bueno-2.asm
                   loopu3   0x000079    program     static G:\Nueva carpeta\bueno-2.asm
                  enc_num   0x000080    program     static G:\Nueva carpeta\bueno-2.asm
                  prob_x0   0x000085    program     static G:\Nueva carpeta\bueno-2.asm
                  prob_y0   0x00008a    program     static G:\Nueva carpeta\bueno-2.asm
                 find_num   0x00008f    program     static G:\Nueva carpeta\bueno-2.asm
              dos_digitos   0x0000dc    program     static G:\Nueva carpeta\bueno-2.asm
                     err1   0x0000df    program     static G:\Nueva carpeta\bueno-2.asm
                  men_err   0x0000e1    program     static G:\Nueva carpeta\bueno-2.asm
                     err2   0x0000ea    program     static G:\Nueva carpeta\bueno-2.asm
                 men_err2   0x0000ec    program     static G:\Nueva carpeta\bueno-2.asm
                 fue_cero   0x0000f5    program     static G:\Nueva carpeta\bueno-2.asm
                  fue_uno   0x0000f8    program     static G:\Nueva carpeta\bueno-2.asm
                  fue_dos   0x0000fb    program     static G:\Nueva carpeta\bueno-2.asm
                 fue_tres   0x0000fe    program     static G:\Nueva carpeta\bueno-2.asm
               fue_cuatro   0x000101    program     static G:\Nueva carpeta\bueno-2.asm
                fue_cinco   0x000104    program     static G:\Nueva carpeta\bueno-2.asm
                 fue_seis   0x000107    program     static G:\Nueva carpeta\bueno-2.asm
                fue_siete   0x00010a    program     static G:\Nueva carpeta\bueno-2.asm
                 fue_ocho   0x00010d    program     static G:\Nueva carpeta\bueno-2.asm
                fue_nueve   0x000110    program     static G:\Nueva carpeta\bueno-2.asm
               salte_conv   0x000113    program     static G:\Nueva carpeta\bueno-2.asm


